Master Key: 'DAKABARICHASECSCHL|MARSABIT'
Mapping Key: 'DAKABARICHAMIXEDDAYSECSCHL|MARSABIT'
Are Equal: False
